Id,Label
25,1Htup89rpVz9cizq6d9devZi1AQTJSmsKm
26,14UwspC6F6az8ST51fFKyNdsbiPRcc3kWJ
27,1CArYSmQUXnaHyKTHcR6XUknfxXKGQqRbv
28,1CcRiHgr3HWK5bHJ38jBwgLVmBUWRzqEu6
8,1CQt6D4vKFdyNreD7jQPopoqniuFYqRqK8
29,1ARy1TNdLuVyggUQJBRqBuLAZV64GyqXb7
7,13sUHUW8G23BLQEKFwVMf5cKUkiSuFK8XC
10,1ChTuraDHdEjT66BtojKkGaPif8Ufp9fzT
30,1D9atHVZwE6BFfhC7SYM6BFKdJRP7RRD33
31,19cpQZwpyzBxGvGusF2jruqQtHuNPyb1Mw
32,1K4J4u7E9bxYXSQHatYik8xZT1UVXStoyU
33,1CxNhgU2wNBz8LAGRcEo8EDXeCL51QUNLK
34,1A53CJAuJjLmvMcSi7zWQs8iXLmyZbxfgZ
35,1GXNn6K7ag8YVxobZEUfwATZraPWCqMTKA
36,1LG4a8mmW8fx8JC5snopMUX1XjjUAdonTf
37,1PzVKa66uZKUbgfmKUjRXq775LoQ8cg6LL
38,1JhAv6t4W6fFVQPfGgtJGvxoBBx3DAKUHd
39,1GU2Ss4GoHNFLJCHfpfYoVJDg3D3gyFCBu
40,1AU2tcNk9iPECpKBtNrC9RVgeqNVfWxyt
41,1D2UtoTEN5wqGZGPL6d1fK4aYZZEbt3hfL
42,1MmYL8U7GcHRB2X2yccJGsbiyzEzNjPKBq
