Id,Label
0,1HZYXDYDqyiaJBMveo6G9QGbYXuv8RRjv6
1,1N7i3HNDY7LwvhCdEPJ26SA5qSVevwbeTL
2,1NHHbQznyPo3dw8YVENZqyRvq5nK25tvbL
3,1MDmoQkBA3zxhKizfEVeFRWSEY8eYT1a8a
4,1Caxt4wWJrAwF58wvdem4ca4tNmA9hnJZd
5,1CYJVfmChE6rrWhHQHxYfASLubDvT5Hyey
6,1HSrZ6rHRziVB9r6DbgEA79r1sibvguTrE
7,13sUHUW8G23BLQEKFwVMf5cKUkiSuFK8XC
8,1CQt6D4vKFdyNreD7jQPopoqniuFYqRqK8
9,1DL4MT7qNitLtzvGpdjwqgMFbdfkbTi38F
10,1ChTuraDHdEjT66BtojKkGaPif8Ufp9fzT
11,1N8k3h5ZW8nBZbhF3hyV2BWHqcqZCds8Bo
12,112RVDvun9kzCmNBVMbCUsJTD6wcvdF5zr
13,1ApMtCD4V1zLruoSsecJpRNUnNKYe8c32k
14,16m65TCBScYkuXH8HXi5AzaCASyKYByuFq
15,14utochrw9krxWpw2KUnVGZho1gL1NExt3
16,1JHy6WoBHDdd1uuwWy5Xe7YAVnWJ2Ctaw2
17,17PRNsVTGcn8v6Tgc4Vt5YXAqiYGRFGLeU
18,1KLFHG38SQjE3r4PGYUXU7Cpejaw7gaF1B
19,175jwbCCw5Mey9TkDcYjFCgK8Jo4bacjgN
20,1GNizoVTSjEHT78tbVc19gTcFBaCTUFQ1C
21,11FnURwxq3KgdTXNwt35ZqYQ3gHePFucQ
22,1Adw1EZkwkM9dL7ArMoKyEVL3SLmzjECng
23,14DvcHFUg8xpsyA5bQZxWzhKoGHRAY4uGC
24,1BtdU9Do8pWwntySd51SvEFtDDcHo62PGy
