Id,Label
57,16zsRJY9oMPcUZwqtcJnqhXJeuBZv2bp3j
58,13pS3fKLvAWnQjKkidHFv5KGj1KWKSnZJB
59,1maLgNudwKeWTWJ67JvATaehMN2LaHRdB
60,1GiYzNX1BPL4hQrQtRRxCaXQmyjUN2Yo7B
61,13i9s93NUtJ4FQAHnuX9Eqe3zkUuxjoaid
50,1A2nbgS5zZRUdN6mj9p5ykN7qgMzP8CEUq
62,1DJdJ3wEAbwVcTYFKJR4UFcoxHvfdamdnA
7,13sUHUW8G23BLQEKFwVMf5cKUkiSuFK8XC
51,15daGZxN872UzDinhJESa7UriVWS11WzkJ
63,1BMDoy6xA8wcGudVsXPBLRPtLn3ggabuNR
12,112RVDvun9kzCmNBVMbCUsJTD6wcvdF5zr
64,1CeHph5cGdqa36Lj84MSn4yz1NfnqH99C1
65,1GoLDuG1MMwvAhSzwJigNyThnmAzt98RCW
56,1HKmLLVzG2Ttf6G5ysvBuD5w4weNgx1vUx
66,18wd1dwjWHx4MPv8jz9bdBZGw2utc9K18H
67,1JvP2gMo2tjBAHvVgjkTf8vtoG5ZJeugUn
68,18FRMo6ZfMBbhETFJBHskpqe9XD9pz93UY
69,1NLyAmEH2bMTZyVSLPqyrvX9VipfcbW5rg
70,1Fhu7UBFh6RetTMtvMmfyedY14LJufevPp
71,1H3qLvSAnZgkftBTVJWb3XgTTTz87J9cdC
72,1JUS26mcwPevG3aUWwZ1hz9AiYYbToHmR6
73,16spdqivs6GKiB7oAC4qs4Bkb1vHzKA8Dw
