Id,Label
43,1LHtihVcnGT2YoqgkrFUmByhC78ko68k1m
44,1E6FvQ1LNLFBhGVi5G36jSrHBK7FjPGDq3
45,18AfwawgjwScd3ugjb8k8PqdjRTCwWDy2c
46,16qF8jrosKJTV8kzm1b5NKrTWqYkFe5Adj
47,135ECS8fhd35N7MBtYBatm7PLYfncQZ5rA
48,15dJ2VKh57qcCBefbnamy8sWEmmELkqS9d
49,1Jweq2T8bccdKACnpKrcFaKmafLw7Q4qp1
29,1ARy1TNdLuVyggUQJBRqBuLAZV64GyqXb7
50,1A2nbgS5zZRUdN6mj9p5ykN7qgMzP8CEUq
7,13sUHUW8G23BLQEKFwVMf5cKUkiSuFK8XC
30,1D9atHVZwE6BFfhC7SYM6BFKdJRP7RRD33
51,15daGZxN872UzDinhJESa7UriVWS11WzkJ
42,1MmYL8U7GcHRB2X2yccJGsbiyzEzNjPKBq
52,14dny3PTNLoqTwnrPBaE8gKURQoeNtsZLu
53,1Lj3Q8Zz19jSLKbc8GTVhSTapy14gKZ3by
54,1P5Jbg5Pcz9fceYYZ8s5vverSpzbnuWzGw
55,1LQqj3RybwuwRyKkDQZcwRKxgWSwcVx495
56,1HKmLLVzG2Ttf6G5ysvBuD5w4weNgx1vUx
