{
  "120460_edges.csv": "a58dfb516affc137bbcb7833ec7c1423",
  "120460_nodes.csv": "7d2515b9a1eab7ba94495b9896f164fd",
  "120461_edges.csv": "1e5d999d826281dd388fa44845d32b7d",
  "120461_nodes.csv": "bc2441924c193a2c1a3fe130cc5d7353",
  "120462_edges.csv": "4a7c9467d2d085dca41eed90d3e66589",
  "120462_nodes.csv": "cda3aaa356cc83307c6fba0cb00511ae",
  "120463_edges.csv": "8b61f082cd80a7084d04eb0ffcef5113",
  "120463_nodes.csv": "2445f6b32c7ad55cb3b9b3b8dfac5c6c",
  "address_id.csv": "0e109a3ea626e0794f0f39161a156c99",
  "status.json": "1dcc94be177d2d4f2917673dbd22a098"
}